10:10:50 **** Incremental Build of configuration Debug for project Q5_all_led_blink ****
make -j4 all 
arm-none-eabi-size  Q5_all_led_blink.elf 
   text	   data	    bss	    dec	    hex	filename
   1072	      4	   1564	   2640	    a50	Q5_all_led_blink.elf
Finished building: default.size.stdout
 
10:11:02 **** Incremental Build of configuration Debug for project Q5_all_led_blink ****
make -j4 all 
arm-none-eabi-size  Q5_all_led_blink.elf 
   text	   data	    bss	    dec	    hex	filename
   1072	      4	   1564	   2640	    a50	Q5_all_led_blink.elf
Finished building: default.size.stdout
 
10:11:59 **** Incremental Build of configuration Debug for project Q6_all_led_tog_wo_ftn.c ****
make -j4 all 
arm-none-eabi-size  Q6_all_led_tog_wo_ftn.c.elf 
   text	   data	    bss	    dec	    hex	filename
   1008	      4	   1564	   2576	    a10	Q6_all_led_tog_wo_ftn.c.elf
Finished building: default.size.stdout
 
10:12:10 **** Incremental Build of configuration Debug for project Q6_all_led_tog_wo_ftn.c ****
make -j4 all 
arm-none-eabi-size  Q6_all_led_tog_wo_ftn.c.elf 
   text	   data	    bss	    dec	    hex	filename
   1008	      4	   1564	   2576	    a10	Q6_all_led_tog_wo_ftn.c.elf
Finished building: default.size.stdout
 
10:14:10 **** Incremental Build of configuration Debug for project Hello_world.c ****
make -j4 all 
arm-none-eabi-size  Hello_world.c.elf 
   text	   data	    bss	    dec	    hex	filename
   3544	     92	   1900	   5536	   15a0	Hello_world.c.elf
Finished building: default.size.stdout
 
